cargo :    Compiling log v0.4.29
At line:2 char:1
+ cargo build -p slain-core 2>&1 | Out-File build_output.txt
+ ~~~~~~~~~~~~~~~~~~~~~~~~~~~~~~
    + CategoryInfo          : NotSpecified: (   Compiling log v0.4.29:String) [], RemoteException
    + FullyQualifiedErrorId : NativeCommandError
 
   Compiling windows-sys v0.61.2
   Compiling bitflags v2.10.0
   Compiling windows-sys v0.60.2
   Compiling serde_core v1.0.228
   Compiling tracing-core v0.1.36
   Compiling serde v1.0.228
   Compiling symphonia-core v0.5.5
   Compiling ahash v0.8.12
   Compiling tracing v0.1.44
   Compiling windows v0.58.0
   Compiling gpu-alloc-types v0.3.0
   Compiling spirv v0.3.0+sdk-1.3.268.0
   Compiling gpu-descriptor-types v0.2.0
   Compiling av-scenechange v0.14.1
   Compiling av1-grain v0.2.5
   Compiling gpu-descriptor v0.3.2
   Compiling symphonia-metadata v0.5.5
   Compiling gpu-alloc v0.6.0
   Compiling wgpu-types v23.0.0
   Compiling socket2 v0.6.1
   Compiling hashbrown v0.14.5
   Compiling symphonia-utils-xiph v0.5.5
   Compiling regex-automata v0.4.13
   Compiling symphonia-format-riff v0.5.5
   Compiling zopfli v0.8.3
   Compiling hashlink v0.9.1
   Compiling symphonia-format-mkv v0.5.5
   Compiling rav1e v0.8.1
   Compiling symphonia-bundle-flac v0.5.5
   Compiling symphonia-format-isomp4 v0.5.5
   Compiling serde_json v1.0.147
   Compiling symphonia-format-ogg v0.5.5
   Compiling url v2.5.7
   Compiling serde_urlencoded v0.7.1
   Compiling symphonia-codec-vorbis v0.5.5
   Compiling png v0.18.0
   Compiling rustls v0.23.35
   Compiling symphonia-bundle-mp3 v0.5.5
   Compiling symphonia-format-caf v0.5.5
   Compiling filetime v0.2.26
   Compiling symphonia-codec-adpcm v0.5.5
   Compiling mio v1.1.1
   Compiling winapi-util v0.1.11
   Compiling termcolor v1.4.1
   Compiling schannel v0.1.28
   Compiling tokio v1.48.0
   Compiling codespan-reporting v0.11.1
   Compiling native-tls v0.2.14
   Compiling naga v23.1.0
   Compiling ravif v0.12.0
   Compiling symphonia-codec-aac v0.5.5
   Compiling symphonia-codec-alac v0.5.5
   Compiling symphonia-codec-pcm v0.5.5
   Compiling windows-sys v0.52.0
   Compiling tempfile v3.24.0
   Compiling tokio-util v0.7.17
   Compiling h2 v0.4.12
   Compiling tokio-native-tls v0.3.1
   Compiling tower v0.5.2
   Compiling zip v2.4.2
   Compiling rusqlite v0.32.1
   Compiling symphonia v0.5.5
   Compiling image v0.25.9
   Compiling tower-http v0.6.8
   Compiling winit v0.30.12
   Compiling ureq v2.12.1
   Compiling local-ip-address v0.6.8
   Compiling tar v0.4.44
   Compiling hyper v1.8.1
   Compiling chrono v0.4.42
   Compiling hyper-util v0.1.19
   Compiling hyper-tls v0.6.0
   Compiling reqwest v0.12.28
   Compiling gpu-allocator v0.27.0
   Compiling wgpu-hal v23.0.1
   Compiling regex v1.12.2
   Compiling wgpu-core v23.0.1
   Compiling wgpu v23.0.1
   Compiling slain-core v2.0.0 (C:\slain-pure-rust\slain-core)
    Finished `dev` profile [optimized + debuginfo] target(s) in 16m 42s
